// Jest Snapshot v1, https://goo.gl/fbAQLP

exports[`VNavigationDrawer should match a snapshot 1`] = `
<div class="v-navigation-drawer v-theme--light">
</div>
`;
